// Vitest Snapshot v1, https://vitest.dev/guide/snapshot.html

exports[`QuantityPill > Matches screenshot 1`] = `
{
  "asFragment": [Function],
  "baseElement": <body>
    <div>
      <div
        class="_quantityPill_54d314"
      >
        <label
          class="_label_54d314"
          for="undefined-input"
        >
          Quantity
        </label>
        <div
          class="_inputContainer_54d314"
        >
          <button
            aria-label="Decrement"
            class="_button_4fb095"
            type="button"
          >
            —
          </button>
          <input
            class="_input_54d314"
            id="undefined-input"
            maxlength="3"
            min="0"
            value=""
          />
          <button
            aria-label="Increment"
            class="_button_4fb095"
            type="button"
          >
            +
          </button>
        </div>
      </div>
    </div>
  </body>,
  "container": <div>
    <div
      class="_quantityPill_54d314"
    >
      <label
        class="_label_54d314"
        for="undefined-input"
      >
        Quantity
      </label>
      <div
        class="_inputContainer_54d314"
      >
        <button
          aria-label="Decrement"
          class="_button_4fb095"
          type="button"
        >
          —
        </button>
        <input
          class="_input_54d314"
          id="undefined-input"
          maxlength="3"
          min="0"
          value=""
        />
        <button
          aria-label="Increment"
          class="_button_4fb095"
          type="button"
        >
          +
        </button>
      </div>
    </div>
  </div>,
  "debug": [Function],
  "findAllByAltText": [Function],
  "findAllByDisplayValue": [Function],
  "findAllByLabelText": [Function],
  "findAllByPlaceholderText": [Function],
  "findAllByRole": [Function],
  "findAllByTestId": [Function],
  "findAllByText": [Function],
  "findAllByTitle": [Function],
  "findByAltText": [Function],
  "findByDisplayValue": [Function],
  "findByLabelText": [Function],
  "findByPlaceholderText": [Function],
  "findByRole": [Function],
  "findByTestId": [Function],
  "findByText": [Function],
  "findByTitle": [Function],
  "getAllByAltText": [Function],
  "getAllByDisplayValue": [Function],
  "getAllByLabelText": [Function],
  "getAllByPlaceholderText": [Function],
  "getAllByRole": [Function],
  "getAllByTestId": [Function],
  "getAllByText": [Function],
  "getAllByTitle": [Function],
  "getByAltText": [Function],
  "getByDisplayValue": [Function],
  "getByLabelText": [Function],
  "getByPlaceholderText": [Function],
  "getByRole": [Function],
  "getByTestId": [Function],
  "getByText": [Function],
  "getByTitle": [Function],
  "queryAllByAltText": [Function],
  "queryAllByDisplayValue": [Function],
  "queryAllByLabelText": [Function],
  "queryAllByPlaceholderText": [Function],
  "queryAllByRole": [Function],
  "queryAllByTestId": [Function],
  "queryAllByText": [Function],
  "queryAllByTitle": [Function],
  "queryByAltText": [Function],
  "queryByDisplayValue": [Function],
  "queryByLabelText": [Function],
  "queryByPlaceholderText": [Function],
  "queryByRole": [Function],
  "queryByTestId": [Function],
  "queryByText": [Function],
  "queryByTitle": [Function],
  "rerender": [Function],
  "unmount": [Function],
}
`;
