// Vitest Snapshot v1, https://vitest.dev/guide/snapshot.html

exports[`Matches screenshot 1`] = `
<div>
  8
</div>
`;
